SQL> 
SQL> -- Generated by Oracle SQL Developer Data Modeler 23.1.0.087.0806
SQL> --   at:        2024-01-17 16:39:19 AEDT
SQL> --   site:      Oracle Database 12c
SQL> --   type:      Oracle Database 12c
SQL> --   name:      Ethan Neyland
SQL> 
SQL> DROP TABLE address CASCADE CONSTRAINTS;

Table ADDRESS dropped.

SQL> 
SQL> DROP TABLE artist CASCADE CONSTRAINTS;

Table ARTIST dropped.

SQL> 
SQL> DROP TABLE artmedia_art CASCADE CONSTRAINTS;

Error starting at line : 15 in command -
DROP TABLE artmedia_art CASCADE CONSTRAINTS
Error report -
ORA-00942: table or view does not exist
00942. 00000 -  "table or view does not exist"
*Cause:    
*Action:
SQL> 
SQL> DROP TABLE artstyle_art CASCADE CONSTRAINTS;

Error starting at line : 17 in command -
DROP TABLE artstyle_art CASCADE CONSTRAINTS
Error report -
ORA-00942: table or view does not exist
00942. 00000 -  "table or view does not exist"
*Cause:    
*Action:
SQL> 
SQL> DROP TABLE artwork CASCADE CONSTRAINTS;

Table ARTWORK dropped.

SQL> 
SQL> DROP TABLE artwork_media CASCADE CONSTRAINTS;

Error starting at line : 21 in command -
DROP TABLE artwork_media CASCADE CONSTRAINTS
Error report -
ORA-00942: table or view does not exist
00942. 00000 -  "table or view does not exist"
*Cause:    
*Action:
SQL> 
SQL> DROP TABLE artwork_status CASCADE CONSTRAINTS;

Table ARTWORK_STATUS dropped.

SQL> 
SQL> DROP TABLE artwork_style CASCADE CONSTRAINTS;

Error starting at line : 25 in command -
DROP TABLE artwork_style CASCADE CONSTRAINTS
Error report -
ORA-00942: table or view does not exist
00942. 00000 -  "table or view does not exist"
*Cause:    
*Action:
SQL> 
SQL> DROP TABLE customer CASCADE CONSTRAINTS;

Table CUSTOMER dropped.

SQL> 
SQL> DROP TABLE exhibit CASCADE CONSTRAINTS;

Table EXHIBIT dropped.

SQL> 
SQL> DROP TABLE gallery CASCADE CONSTRAINTS;

Table GALLERY dropped.

SQL> 
SQL> DROP TABLE sale CASCADE CONSTRAINTS;

Table SALE dropped.

SQL> 
SQL> -- predefined type, no DDL - MDSYS.SDO_GEOMETRY
SQL> 
SQL> -- predefined type, no DDL - XMLTYPE
SQL> 
SQL> CREATE TABLE address (
  2      address_id       NUMBER(7) NOT NULL,
  3      address_number   VARCHAR2(20 CHAR) NOT NULL,
  4      address_street   VARCHAR2(50 CHAR) NOT NULL,
  5      address_city     VARCHAR2(50 CHAR) NOT NULL,
  6      address_state    VARCHAR2(3 CHAR) NOT NULL,
  7      address_postcode CHAR(4 CHAR) NOT NULL
  8  );

Table ADDRESS created.

SQL> 
SQL> ALTER TABLE address
  2      ADD CHECK ( address_state IN ( 'ACT', 'NSW', 'NT', 'QLD', 'SA',
  3                                     'TAS', 'VIC', 'WA' ) );

Table ADDRESS altered.

SQL> 
SQL> COMMENT ON COLUMN address.address_id IS
  2      'Address ID Number';

Comment created.

SQL> 
SQL> COMMENT ON COLUMN address.address_number IS
  2      'Address House/Property Number of Street Address.
  3       Can contain numbers, letters, special characters.
  4       E.g.  U5/12 123-125 (Thomsons Road)';

Comment created.

SQL> 
SQL> COMMENT ON COLUMN address.address_street IS
  2      'Address Street Name and Street Type, e.g. Thomson Avenue ';

Comment created.

SQL> 
SQL> COMMENT ON COLUMN address.address_city IS
  2      'Address City/Town/Suburb Name, respective to provided postcode';

Comment created.

SQL> 
SQL> COMMENT ON COLUMN address.address_state IS
  2      'Address State within AUSTRALIA, 2-3 Chars representing full-name. 
  3       States: VIC, TAS, SA, WA, NT, QLD, ACT.';

Comment created.

SQL> 
SQL> COMMENT ON COLUMN address.address_postcode IS
  2      'Address Postcode (4 numeric chars) e.g. 3095';

Comment created.

SQL> 
SQL> ALTER TABLE address ADD CONSTRAINT address_pk PRIMARY KEY ( address_id );

Table ADDRESS altered.

SQL> 
SQL> CREATE TABLE artist (
  2      artist_id             NUMBER(7) NOT NULL,
  3      artist_givname        VARCHAR2(50 CHAR) NOT NULL,
  4      artist_famname        VARCHAR2(50 CHAR) NOT NULL,
  5      artist_phone          CHAR(10 CHAR),
  6      artist_total_stock    NUMBER(3),
  7      artist_recommended_by NUMBER(7),
  8      address_id            NUMBER(7) NOT NULL
  9  );

Table ARTIST created.

SQL> 
SQL> COMMENT ON COLUMN artist.artist_id IS
  2      'Artist ID Number';

Comment created.

SQL> 
SQL> COMMENT ON COLUMN artist.artist_givname IS
  2      'Artist First Name';

Comment created.

SQL> 
SQL> COMMENT ON COLUMN artist.artist_famname IS
  2      'Artist Family/Last Name';

Comment created.

SQL> 
SQL> COMMENT ON COLUMN artist.artist_phone IS
  2      'Artist Phone Number (optional)
  3       Requires 10 Numeric Chars';

Comment created.

SQL> 
SQL> COMMENT ON COLUMN artist.artist_total_stock IS
  2      'Artist''s Total no. of Artwork in MAU Stock';

Comment created.

SQL> 
SQL> COMMENT ON COLUMN artist.artist_recommended_by IS
  2      'Artist ID Number';

Comment created.

SQL> 
SQL> COMMENT ON COLUMN artist.address_id IS
  2      'Address ID Number';

Comment created.

SQL> 
SQL> ALTER TABLE artist ADD CONSTRAINT artist_pk PRIMARY KEY ( artist_id );

Table ARTIST altered.

SQL> 
SQL> CREATE TABLE artmedia_art (
  2      artmedia_id NUMBER(3) NOT NULL,
  3      artwork_id  NUMBER(7) NOT NULL
  4  );

Table ARTMEDIA_ART created.

SQL> 
SQL> ALTER TABLE artmedia_art ADD CONSTRAINT artmedia_art_pk PRIMARY KEY ( artmedia_id,
  2                                                                        artwork_id );

Table ARTMEDIA_ART altered.

SQL> 
SQL> CREATE TABLE artstyle_art (
  2      artstyle_id NUMBER(3) NOT NULL,
  3      artwork_id  NUMBER(7) NOT NULL
  4  );

Table ARTSTYLE_ART created.

SQL> 
SQL> ALTER TABLE artstyle_art ADD CONSTRAINT artstyle_art_pk PRIMARY KEY ( artstyle_id,
  2                                                                        artwork_id );

Table ARTSTYLE_ART altered.

SQL> 
SQL> CREATE TABLE artwork (
  2      artwork_id            NUMBER(7) NOT NULL,
  3      artist_id             NUMBER(7) NOT NULL,
  4      artwork_no            NUMBER(3) NOT NULL,
  5      artwork_title         VARCHAR2(100 CHAR) NOT NULL,
  6      artwork_date_accepted DATE NOT NULL
  7  );

Table ARTWORK created.

SQL> 
SQL> COMMENT ON COLUMN artwork.artwork_id IS
  2      'Artwork ID Number';

Comment created.

SQL> 
SQL> COMMENT ON COLUMN artwork.artist_id IS
  2      'Artist ID Number';

Comment created.

SQL> 
SQL> COMMENT ON COLUMN artwork.artwork_no IS
  2      'Artwork Number relative to individual Artist''s MAU Stock, 
  3       e.g. 1, 3, 11, 109';

Comment created.

SQL> 
SQL> COMMENT ON COLUMN artwork.artwork_title IS
  2      'Artwork Title';

Comment created.

SQL> 
SQL> COMMENT ON COLUMN artwork.artwork_date_accepted IS
  2      'Date Artwork was accepted by MAU';

Comment created.

SQL> 
SQL> ALTER TABLE artwork ADD CONSTRAINT artwork_pk PRIMARY KEY ( artwork_id );

Table ARTWORK altered.

SQL> 
SQL> ALTER TABLE artwork ADD CONSTRAINT artwork_nk UNIQUE ( artist_id,
  2                                                         artwork_no );

Table ARTWORK altered.

SQL> 
SQL> CREATE TABLE artwork_media (
  2      artmedia_id   NUMBER(3) NOT NULL,
  3      artmedia_name VARCHAR2(50 CHAR) NOT NULL
  4  );

Table ARTWORK_MEDIA created.

SQL> 
SQL> COMMENT ON COLUMN artwork_media.artmedia_id IS
  2      'Artwork Media Description ID Number';

Comment created.

SQL> 
SQL> COMMENT ON COLUMN artwork_media.artmedia_name IS
  2      'Artwork Media Description Name';

Comment created.

SQL> 
SQL> ALTER TABLE artwork_media ADD CONSTRAINT artwork_media_pk PRIMARY KEY ( artmedia_id )
  2  ;

Table ARTWORK_MEDIA altered.

SQL> 
SQL> CREATE TABLE artwork_status (
  2      art_status_id   NUMBER(7) NOT NULL,
  3      artwork_id      NUMBER(7) NOT NULL,
  4      art_status_date DATE NOT NULL,
  5      art_status_cat  CHAR(1 CHAR) NOT NULL,
  6      gallery_id      NUMBER(7)
  7  );

Table ARTWORK_STATUS created.

SQL> 
SQL> ALTER TABLE artwork_status
  2      ADD CHECK ( art_status_cat IN ( 'G', 'R', 'S', 'T', 'W' ) );

Table ARTWORK_STATUS altered.

SQL> 
SQL> COMMENT ON COLUMN artwork_status.art_status_id IS
  2      'Artwork Status ID Number';

Comment created.

SQL> 
SQL> COMMENT ON COLUMN artwork_status.artwork_id IS
  2      'Artwork ID Number';

Comment created.

SQL> 
SQL> COMMENT ON COLUMN artwork_status.art_status_date IS
  2      'Artwork Status Date';

Comment created.

SQL> 
SQL> COMMENT ON COLUMN artwork_status.art_status_cat IS
  2      'Artwork Status Category (1 Char),
  3       W: Warehouse (in MAU storage)
  4       T: Transit (to gallery)
  5       D: Display (at gallery)
  6       S: Sold
  7       R: Returned (to artist)';

Comment created.

SQL> 
SQL> COMMENT ON COLUMN artwork_status.gallery_id IS
  2      'Gallery ID Number';

Comment created.

SQL> 
SQL> ALTER TABLE artwork_status ADD CONSTRAINT artwork_status_pk PRIMARY KEY ( art_status_id
  2  );

Table ARTWORK_STATUS altered.

SQL> 
SQL> ALTER TABLE artwork_status
  2      ADD CONSTRAINT artwork_status_nk UNIQUE ( artwork_id,
  3                                                art_status_date,
  4                                                art_status_cat );

Table ARTWORK_STATUS altered.

SQL> 
SQL> CREATE TABLE artwork_style (
  2      artstyle_id   NUMBER(3) NOT NULL,
  3      artstyle_name VARCHAR2(50 CHAR) NOT NULL
  4  );

Table ARTWORK_STYLE created.

SQL> 
SQL> COMMENT ON COLUMN artwork_style.artstyle_id IS
  2      'Artwork Style ID Number';

Comment created.

SQL> 
SQL> COMMENT ON COLUMN artwork_style.artstyle_name IS
  2      'Artwork Style Name';

Comment created.

SQL> 
SQL> ALTER TABLE artwork_style ADD CONSTRAINT artwork_style_pk PRIMARY KEY ( artstyle_id )
  2  ;

Table ARTWORK_STYLE altered.

SQL> 
SQL> CREATE TABLE customer (
  2      customer_id       NUMBER(7) NOT NULL,
  3      customer_givname  VARCHAR2(50 CHAR) NOT NULL,
  4      customer_famname  VARCHAR2(50 CHAR) NOT NULL,
  5      customer_phone    CHAR(10 CHAR) NOT NULL,
  6      customer_business VARCHAR2(100 CHAR),
  7      address_id        NUMBER(7) NOT NULL
  8  );

Table CUSTOMER created.

SQL> 
SQL> COMMENT ON COLUMN customer.customer_id IS
  2      'Customer ID Number';

Comment created.

SQL> 
SQL> COMMENT ON COLUMN customer.customer_givname IS
  2      'Customer Given/First Name';

Comment created.

SQL> 
SQL> COMMENT ON COLUMN customer.customer_famname IS
  2      'Customer Family/Last Name';

Comment created.

SQL> 
SQL> COMMENT ON COLUMN customer.customer_phone IS
  2      'Customer Phone/Contact Number,
  3  10 Numeric Chars Required';

Comment created.

SQL> 
SQL> COMMENT ON COLUMN customer.customer_business IS
  2      'Customer Business Name (optional)';

Comment created.

SQL> 
SQL> COMMENT ON COLUMN customer.address_id IS
  2      'Address ID Number';

Comment created.

SQL> 
SQL> ALTER TABLE customer ADD CONSTRAINT customer_pk PRIMARY KEY ( customer_id );

Table CUSTOMER altered.

SQL> 
SQL> CREATE TABLE exhibit (
  2      exhibit_id           NUMBER(7) NOT NULL,
  3      gallery_id           NUMBER(7) NOT NULL,
  4      artwork_id           NUMBER(7) NOT NULL,
  5      exhibit_start_date   DATE NOT NULL,
  6      exhibit_end_date     DATE,
  7      exhibit_catalog_feat CHAR(1 CHAR) NOT NULL
  8  );

Table EXHIBIT created.

SQL> 
SQL> ALTER TABLE exhibit
  2      ADD CHECK ( exhibit_catalog_feat IN ( 'N', 'Y' ) );

Table EXHIBIT altered.

SQL> 
SQL> COMMENT ON COLUMN exhibit.exhibit_id IS
  2      'Exhibit ID Number';

Comment created.

SQL> 
SQL> COMMENT ON COLUMN exhibit.gallery_id IS
  2      'Gallery ID Number';

Comment created.

SQL> 
SQL> COMMENT ON COLUMN exhibit.artwork_id IS
  2      'Artwork ID Number';

Comment created.

SQL> 
SQL> COMMENT ON COLUMN exhibit.exhibit_start_date IS
  2      'Exhibit Start Date of an Artwork';

Comment created.

SQL> 
SQL> COMMENT ON COLUMN exhibit.exhibit_end_date IS
  2      'Exhibit End Date of an Artwork';

Comment created.

SQL> 
SQL> COMMENT ON COLUMN exhibit.exhibit_catalog_feat IS
  2      'Describes whether an Exhibited Artwork has been featured in a catalogue or not (Y/N)';

Comment created.

SQL> 
SQL> ALTER TABLE exhibit ADD CONSTRAINT exhibit_pk PRIMARY KEY ( exhibit_id );

Table EXHIBIT altered.

SQL> 
SQL> ALTER TABLE exhibit
  2      ADD CONSTRAINT exhibit_nk UNIQUE ( gallery_id,
  3                                         artwork_id,
  4                                         exhibit_start_date );

Table EXHIBIT altered.

SQL> 
SQL> CREATE TABLE gallery (
  2      gallery_id              NUMBER(7) NOT NULL,
  3      gallery_name            VARCHAR2(100 CHAR) NOT NULL,
  4      gallery_manager_givname VARCHAR2(50 CHAR) NOT NULL,
  5      gallery_manager_famname VARCHAR2(50 CHAR) NOT NULL,
  6      gallery_phone           CHAR(10 CHAR) NOT NULL,
  7      gallery_comm_percent    NUMBER(5, 2) NOT NULL,
  8      gallery_opentime        CHAR(5 CHAR) NOT NULL,
  9      gallery_closetime       CHAR(5 CHAR) NOT NULL,
 10      address_id              NUMBER(7) NOT NULL
 11  );

Table GALLERY created.

SQL> 
SQL> COMMENT ON COLUMN gallery.gallery_id IS
  2      'Gallery ID Number';

Comment created.

SQL> 
SQL> COMMENT ON COLUMN gallery.gallery_name IS
  2      'Gallery Name';

Comment created.

SQL> 
SQL> COMMENT ON COLUMN gallery.gallery_manager_givname IS
  2      'Gallery Manager''s First/Given Name';

Comment created.

SQL> 
SQL> COMMENT ON COLUMN gallery.gallery_manager_famname IS
  2      'Gallery Manager''s Family/Last Name';

Comment created.

SQL> 
SQL> COMMENT ON COLUMN gallery.gallery_phone IS
  2      'Gallery''s Contact/Phone Number,
  3  Requires 10 Numeric Chars';

Comment created.

SQL> 
SQL> COMMENT ON COLUMN gallery.gallery_comm_percent IS
  2      'Gallery Artwork-Sale Commission Percentage';

Comment created.

SQL> 
SQL> COMMENT ON COLUMN gallery.gallery_opentime IS
  2      'Gallery Opening Time in 24h Format (HH:MM),
  3       5 Chars Required: 4 numbers, 1 centered semicolon';

Comment created.

SQL> 
SQL> COMMENT ON COLUMN gallery.gallery_closetime IS
  2      'Gallery Closing Time in 24h Format (HH:MM),
  3       5 Chars Required: 4 numbers, 1 centered semicolon';

Comment created.

SQL> 
SQL> COMMENT ON COLUMN gallery.address_id IS
  2      'Address ID Number';

Comment created.

SQL> 
SQL> ALTER TABLE gallery ADD CONSTRAINT gallery_pk PRIMARY KEY ( gallery_id );

Table GALLERY altered.

SQL> 
SQL> CREATE TABLE sale (
  2      sale_id     NUMBER(7) NOT NULL,
  3      sale_date   DATE NOT NULL,
  4      sale_price  NUMBER(9, 2) NOT NULL,
  5      customer_id NUMBER(7) NOT NULL,
  6      exhibit_id  NUMBER(7) NOT NULL
  7  );

Table SALE created.

SQL> 
SQL> COMMENT ON COLUMN sale.sale_id IS
  2      'Sale ID Number';

Comment created.

SQL> 
SQL> COMMENT ON COLUMN sale.sale_date IS
  2      'Date of Artwork''s Sale';

Comment created.

SQL> 
SQL> COMMENT ON COLUMN sale.sale_price IS
  2      'Sale Price of Artwork,
  3       Range: 0.00 ... 9,999,999.99 (Dollars.cents)';

Comment created.

SQL> 
SQL> COMMENT ON COLUMN sale.customer_id IS
  2      'Customer ID Number';

Comment created.

SQL> 
SQL> COMMENT ON COLUMN sale.exhibit_id IS
  2      'Exhibit ID Number';

Comment created.

SQL> 
SQL> CREATE UNIQUE INDEX sale__idx ON
  2      sale (
  3          exhibit_id
  4      ASC );

INDEX SALE__IDX created.

SQL> 
SQL> ALTER TABLE sale ADD CONSTRAINT sale_pk PRIMARY KEY ( sale_id );

Table SALE altered.

SQL> 
SQL> ALTER TABLE artist
  2      ADD CONSTRAINT address_artist FOREIGN KEY ( address_id )
  3          REFERENCES address ( address_id );

Table ARTIST altered.

SQL> 
SQL> ALTER TABLE customer
  2      ADD CONSTRAINT address_customer FOREIGN KEY ( address_id )
  3          REFERENCES address ( address_id );

Table CUSTOMER altered.

SQL> 
SQL> ALTER TABLE gallery
  2      ADD CONSTRAINT address_gallery FOREIGN KEY ( address_id )
  3          REFERENCES address ( address_id );

Table GALLERY altered.

SQL> 
SQL> ALTER TABLE artist
  2      ADD CONSTRAINT artist_artist FOREIGN KEY ( artist_recommended_by )
  3          REFERENCES artist ( artist_id );

Table ARTIST altered.

SQL> 
SQL> ALTER TABLE artwork
  2      ADD CONSTRAINT artist_artwork FOREIGN KEY ( artist_id )
  3          REFERENCES artist ( artist_id );

Table ARTWORK altered.

SQL> 
SQL> ALTER TABLE artmedia_art
  2      ADD CONSTRAINT artmedia_art_artwork_fk FOREIGN KEY ( artwork_id )
  3          REFERENCES artwork ( artwork_id );

Table ARTMEDIA_ART altered.

SQL> 
SQL> ALTER TABLE artmedia_art
  2      ADD CONSTRAINT artmedia_art_artwork_media_fk FOREIGN KEY ( artmedia_id )
  3          REFERENCES artwork_media ( artmedia_id );

Table ARTMEDIA_ART altered.

SQL> 
SQL> ALTER TABLE artstyle_art
  2      ADD CONSTRAINT artstyle_art_artwork_fk FOREIGN KEY ( artwork_id )
  3          REFERENCES artwork ( artwork_id );

Table ARTSTYLE_ART altered.

SQL> 
SQL> ALTER TABLE artstyle_art
  2      ADD CONSTRAINT artstyle_art_artwork_style_fk FOREIGN KEY ( artstyle_id )
  3          REFERENCES artwork_style ( artstyle_id );

Table ARTSTYLE_ART altered.

SQL> 
SQL> ALTER TABLE artwork_status
  2      ADD CONSTRAINT artwork_artstatus FOREIGN KEY ( artwork_id )
  3          REFERENCES artwork ( artwork_id );

Table ARTWORK_STATUS altered.

SQL> 
SQL> ALTER TABLE exhibit
  2      ADD CONSTRAINT artwork_exhibit FOREIGN KEY ( artwork_id )
  3          REFERENCES artwork ( artwork_id );

Table EXHIBIT altered.

SQL> 
SQL> ALTER TABLE sale
  2      ADD CONSTRAINT customer_sale FOREIGN KEY ( customer_id )
  3          REFERENCES customer ( customer_id );

Table SALE altered.

SQL> 
SQL> ALTER TABLE sale
  2      ADD CONSTRAINT exhibit_sale FOREIGN KEY ( exhibit_id )
  3          REFERENCES exhibit ( exhibit_id );

Table SALE altered.

SQL> 
SQL> ALTER TABLE artwork_status
  2      ADD CONSTRAINT gallery_artstatus FOREIGN KEY ( gallery_id )
  3          REFERENCES gallery ( gallery_id );

Table ARTWORK_STATUS altered.

SQL> 
SQL> ALTER TABLE exhibit
  2      ADD CONSTRAINT gallery_exhibit FOREIGN KEY ( gallery_id )
  3          REFERENCES gallery ( gallery_id );

Table EXHIBIT altered.

SQL> 
SQL> 
SQL> -- Oracle SQL Developer Data Modeler Summary Report: 
SQL> -- 
SQL> -- CREATE TABLE                            12
SQL> -- CREATE INDEX                             1
SQL> -- ALTER TABLE                             33
SQL> -- CREATE VIEW                              0
SQL> -- ALTER VIEW                               0
SQL> -- CREATE PACKAGE                           0
SQL> -- CREATE PACKAGE BODY                      0
SQL> -- CREATE PROCEDURE                         0
SQL> -- CREATE FUNCTION                          0
SQL> -- CREATE TRIGGER                           0
SQL> -- ALTER TRIGGER                            0
SQL> -- CREATE COLLECTION TYPE                   0
SQL> -- CREATE STRUCTURED TYPE                   0
SQL> -- CREATE STRUCTURED TYPE BODY              0
SQL> -- CREATE CLUSTER                           0
SQL> -- CREATE CONTEXT                           0
SQL> -- CREATE DATABASE                          0
SQL> -- CREATE DIMENSION                         0
SQL> -- CREATE DIRECTORY                         0
SQL> -- CREATE DISK GROUP                        0
SQL> -- CREATE ROLE                              0
SQL> -- CREATE ROLLBACK SEGMENT                  0
SQL> -- CREATE SEQUENCE                          0
SQL> -- CREATE MATERIALIZED VIEW                 0
SQL> -- CREATE MATERIALIZED VIEW LOG             0
SQL> -- CREATE SYNONYM                           0
SQL> -- CREATE TABLESPACE                        0
SQL> -- CREATE USER                              0
SQL> -- 
SQL> -- DROP TABLESPACE                          0
SQL> -- DROP DATABASE                            0
SQL> -- 
SQL> -- REDACTION POLICY                         0
SQL> -- TSDP POLICY                              0
SQL> -- 
SQL> -- ORDS DROP SCHEMA                         0
SQL> -- ORDS ENABLE SCHEMA                       0
SQL> -- ORDS ENABLE OBJECT                       0
SQL> -- 
SQL> -- ERRORS                                   0
SQL> -- WARNINGS                                 0
SQL> 
SQL> SPOOL off
